[dotenv@17.3.1] injecting env (8) from .env -- tip: ΓÜÖ∩╕Å  override existing env vars with { override: true }
[dotenv@17.3.1] injecting env (0) from .env -- tip: ΓÜÖ∩╕Å  enable debug logging with { debug: true }
Server running on port 5000
